// Jest Snapshot v1, https://goo.gl/fbAQLP

exports[`render learn react link 1`] = `
<div
  class="sc-beySPh crUDSY"
>
  <h1>
    Hello
  </h1>
</div>
`;
